// Jest Snapshot v1, https://goo.gl/fbAQLP

exports[`Renderer:each 1`] = `
<div>
  <div
    class="show"
  >
    <span
      class="a-TplField"
    >
      jack
    </span>
    <span
      class="a-TplField"
    >
      martin
    </span>
  </div>
</div>
`;
