// Jest Snapshot v1, https://goo.gl/fbAQLP

exports[`api:cache 1`] = `
<div>
  <div
    class="a-Page"
  >
    <div
      class="a-Page-content"
    >
      <div
        class="a-Page-main"
      >
        <div
          class="a-Page-toolbar"
        >
          <button
            class="a-Button a-Button--default"
            type="button"
          >
            <span>
              Reload
            </span>
          </button>
        </div>
        <div
          class="a-Page-body"
        >
          <span
            class="a-TplField"
          >
            The variable value is 1
          </span>
        </div>
      </div>
    </div>
  </div>
</div>
`;

exports[`api:cache 2`] = `
<div>
  <div
    class="a-Page"
  >
    <div
      class="a-Page-content"
    >
      <div
        class="a-Page-main"
      >
        <div
          class="a-Page-toolbar"
        >
          <button
            class="a-Button a-Button--default"
            type="button"
          >
            <span>
              Reload
            </span>
          </button>
        </div>
        <div
          class="a-Page-body"
        >
          <span
            class="a-TplField"
          >
            The variable value is 1
          </span>
        </div>
      </div>
    </div>
  </div>
</div>
`;
